i: 0, j: 10
i: 1, j: 9
i: 2, j: 8
i: 3, j: 7
i: 4, j: 6
i: 5, j: 5
i: 6, j: 4
i: 7, j: 3
i: 8, j: 2
i: 9, j: 1
Final i: 10, Final j: 0
