Testing break with method call condition:
[even:0] (0 -> 0) [odd:1] (1 -> 3) [even:2] (2 -> 4) [odd:3] (3 -> 9) [even:4] (4 -> 8) [odd:5] (5 -> 15) [even:6] (6 -> 12) [odd:7] (7 -> 21) [even:8] (8 -> 16) (breaking at 8) 
Testing continue with method call condition:
(skipping 0) [odd:1] (1 -> 3) [even:2] (2 -> 4) (skipping 3) [even:4] (4 -> 8) [odd:5] (5 -> 15) (skipping 6) [odd:7] (7 -> 21) [even:8] (8 -> 16) (skipping 9) 

Combined test with method calls:
(continue:0) 1: [odd:1] 2: [even:2] (continue:3) 4: [even:4] (break:8)
