i: 0, j: 10
i: 1, j: 9
i: 2, j: 8
i: 3, j: 7
i: 4, j: 6
Final i: 5, Final j: 5
