nums[0] = 0
nums[1] = 2
nums[2] = 4
nums[3] = 6
nums[4] = 8
nums[5] = 10
nums[6] = 12
nums[7] = 14
nums[8] = 16
nums[9] = 18
