Before sorting:
33 10 55 71 29 3 40 18 
After sorting:
3 10 18 29 33 40 55 71 
