770
756
742
728
714
700
686
672
658
644
630
721
707
693
679
665
651
637
623
609
595
581
567
553
539
525
616
602
588
574
560
546
532
518
504
490
476
462
448
434
420
511
497
483
469
455
441
427
413
399
385
371
357
343
329
315
406
392
378
364
350
336
322
308
294
280
266
252
238
224
210
301
287
273
259
245
231
217
203
189
175
161
147
133
119
105
196
182
168
154
140
126
112
98
84
70
56
42
28
14
