0
15
100
0
15
15
100
1
15
15
100
2
15
15
100
3
15
15
100
4
15
15
100
5
15
15
100
6
15
15
100
7
15
15
100
8
15
15
100
9
15
15
100
10
15
15
100
11
15
15
100
12
15
15
100
13
15
15
100
14
15
15
