-4
-4
3
-4
65
-84
7
15
-112500
-164
18
15
-4
-4
-9
-4
-30
-84
7
15
-500
-164
18
15
-1
-1
-10
-1
-80
-21
7
15
-10500
-41
18
15
-1
-1
-9
-1
-30
-21
7
15
-500
-41
18
15
2
2
-7
2
-65
42
7
15
8100
82
18
15
2
2
2
2
25
42
7
15
600
82
18
15
5
5
7
5
60
105
7
15
12100
205
18
15
5
5
7
5
50
105
7
15
1100
205
18
15
