67
67, E
140
79
79, C
288
77
77, A
430
80
80, D
575
73
73, D
713
76
76, G
854
69
69, G
988
82
82, F
1145
67
79
77
80
73
76
69
82
1145
