2147483647
2147483647
-4294967295
-2147483648
-2147483648
-2147483648
4294967295
2147483647
